
> Task :compileJava

> Task :processResources
> Task :classes
> Task :compileTestJava
> Task :processTestResources
> Task :testClasses
2026-09-05T11:39:50.828-04:00  INFO 41376 --- [ntContainer#0-3] o.s.a.r.l.SimpleMessageListenerContainer : Waiting for workers to finish.
2026-09-05T11:39:50.828-04:00  INFO 41376 --- [ntContainer#1-3] o.s.a.r.l.SimpleMessageListenerContainer : Waiting for workers to finish.
2026-09-05T11:39:50.828-04:00  INFO 41376 --- [ntContainer#1-3] o.s.a.r.l.SimpleMessageListenerContainer : Successfully waited for workers to finish.
2026-09-05T11:39:50.828-04:00  INFO 41376 --- [ntContainer#0-3] o.s.a.r.l.SimpleMessageListenerContainer : Successfully waited for workers to finish.
2026-09-05T11:39:50.843-04:00  INFO 41376 --- [ionShutdownHook] j.LocalContainerEntityManagerFactoryBean : Closing JPA EntityManagerFactory for persistence unit 'default'
2026-09-05T11:39:50.849-04:00  INFO 41376 --- [ionShutdownHook] com.zaxxer.hikari.HikariDataSource       : HikariPool-1 - Shutdown initiated...
2026-09-05T11:39:50.850-04:00  INFO 41376 --- [ionShutdownHook] com.zaxxer.hikari.HikariDataSource       : HikariPool-1 - Shutdown completed.

> Task :test

Batch Job — Integração com JobRepository > Job deve completar e persistir metadados no JobRepository FAILED
    org.springframework.jdbc.BadSqlGrammarException at BatchJobIntegrationTest.java:67
        Caused by: org.h2.jdbc.JdbcSQLSyntaxErrorException at BatchJobIntegrationTest.java:67

> Task :test FAILED

[Incubating] Problems report is available at: file:///C:/projeto-spring/spring-boot-batch/gmontinny/build/reports/problems/problems-report.html

Deprecated Gradle features were used in this build, making it incompatible with Gradle 10.

You can use '--warning-mode all' to show the individual deprecation warnings and determine if they come from your own scripts or plugins.

For more on this, please refer to https://docs.gradle.org/9.7.1/userguide/command_line_interface.html#sec:command_line_warnings in the Gradle documentation.
5 actionable tasks: 5 executed
